xdc_runtime_Error_policy__C
xdc_runtime_IModule_Interface__BASE__C
xdc_runtime_Startup_lastFxns__C
ti_sysbios_knl_Event_Object__DESC__C
ti_sysbios_family_arm_m3_Hwi_excHookFuncs__C
ti_sysbios_gates_GateMutex_Object__DESC__C
xdc_runtime_Startup_execImpl__C
ti_sysbios_gates_GateMutex_Instance_State_sem__O
ti_sysbios_heaps_HeapTrack_Module__FXNS__C
ti_sysbios_knl_Swi_Object__count__C
ti_sysbios_knl_Idle_funcList__C
xdc_runtime_Text_isLoaded__C
ti_sysbios_knl_Clock_Object__DESC__C
ti_sysbios_knl_Task_Module__id__C
ti_sysbios_knl_Mailbox_Instance_State_dataQue__O
ti_sysbios_knl_Semaphore_eventSync__C
ti_sysbios_gates_GateMutex_Module__FXNS__C
ti_sysbios_knl_Task_Module_State_inactiveQ__O
ti_sysbios_family_arm_m3_Hwi_Module__id__C
ti_sysbios_family_arm_cc26xx_Timer_Module__id__C
ti_sysbios_knl_Mailbox_Object__table__C
ti_sysbios_family_arm_m3_Hwi_Object__table__C
ti_sysbios_knl_Swi_Object__DESC__C
xdc_runtime_Text_charCnt__C
ti_sysbios_heaps_HeapTrack_A_bufOverflow__C
ti_sysbios_heaps_HeapMem_Object__table__C
ti_sysbios_family_arm_cc26xx_Timer_funcHookCH1__C
xdc_runtime_Error_policyFxn__C
ti_sysbios_family_arm_m3_Hwi_E_reserved__C
ti_sysbios_heaps_HeapTrack_A_notEmpty__C
xdc_runtime_Startup_firstFxns__C
xdc_runtime_Text_charTab__C
ti_sysbios_family_arm_m3_TaskSupport_stackAlignment__C
ti_sysbios_family_arm_m3_Hwi_NUM_INTERRUPTS__C
ti_sysbios_knl_Clock_triggerClock__C
ti_sysbios_knl_Swi_Object__table__C
xdc_runtime_Memory_Module__id__C
ti_sysbios_knl_Swi_Module__id__C
xdc_runtime_SysCallback_flushFxn__C
ti_sysbios_heaps_HeapMem_Module__gateObj__C
ti_sysbios_family_arm_cc26xx_Timer_startupNeeded__C
ti_sysbios_family_arm_m3_Hwi_E_noIsr__C
ti_sysbios_knl_Queue_Object__DESC__C
ti_sysbios_family_arm_cc26xx_Timer_funcHookCH2__C
ti_sysbios_family_arm_m3_Hwi_E_NMI__C
ti_sysbios_knl_Task_Object__DESC__C
xdc_runtime_Assert_E_assertFailed__C
ti_sysbios_gates_GateHwi_Module__id__C
xdc_runtime_IHeap_Interface__BASE__C
xdc_runtime_SysCallback_exitFxn__C
ti_sysbios_heaps_HeapMem_Module__id__C
ti_sysbios_family_arm_m3_Hwi_excHandlerFunc__C
ti_sysbios_heaps_HeapMem_Module__FXNS__C
ti_sysbios_family_arm_m3_Hwi_E_busFault__C
xdc_runtime_System_maxAtexitHandlers__C
ti_sysbios_knl_Queue_Object__count__C
xdc_runtime_Text_registryModsLastId__C
ti_sysbios_knl_Task_Object__table__C
ti_sysbios_knl_Mailbox_Object__DESC__C
ti_sysbios_family_arm_m3_Hwi_nullIsrFunc__C
ti_sysbios_knl_Clock_tickMode__C
ti_sysbios_gates_GateMutex_Module__id__C
ti_sysbios_knl_Swi_numPriorities__C
ti_sysbios_knl_Task_numConstructedTasks__C
xdc_runtime_Startup_maxPasses__C
ti_sysbios_knl_Task_initStackFlag__C
xdc_runtime_System_abortFxn__C
ti_sysbios_knl_Mailbox_Instance_State_dataSem__O
ti_sysbios_gates_GateHwi_Module__FXNS__C
ti_sysbios_hal_Hwi_Object__DESC__C
ti_sysbios_family_arm_m3_Hwi_priGroup__C
xdc_runtime_Error_E_memory__C
ti_sysbios_family_arm_m3_Hwi_E_alreadyDefined__C
ti_sysbios_knl_Mailbox_Instance_State_freeSem__O
ti_sysbios_knl_Queue_Object__table__C
ti_sysbios_knl_Semaphore_eventPost__C
xdc_runtime_System_exitFxn__C
ti_sysbios_heaps_HeapTrack_A_doubleFree__C
ti_sysbios_heaps_HeapMem_reqAlign__C
xdc_runtime_Startup_sfxnRts__C
ti_sysbios_knl_Semaphore_Object__DESC__C
ti_sysbios_gates_GateHwi_Object__DESC__C
xdc_runtime_SysCallback_putchFxn__C
ti_sysbios_heaps_HeapMem_Object__count__C
ti_sysbios_family_arm_m3_Hwi_numSparseInterrupts__C
ti_sysbios_knl_Mailbox_maxTypeAlign__C
ti_sysbios_family_arm_cc26xx_TimestampProvider_useClockTimer__C
ti_sysbios_knl_Event_Instance_State_pendQ__O
ti_sysbios_knl_Task_allBlockedFunc__C
ti_sysbios_family_arm_m3_Hwi_E_hardFault__C
ti_sysbios_knl_Mailbox_Object__count__C
xdc_runtime_Text_nameStatic__C
ti_sysbios_family_arm_m3_Hwi_E_debugMon__C
ti_sysbios_family_arm_m3_Hwi_E_svCall__C
ti_sysbios_knl_Clock_Module_State_clockQ__O
xdc_runtime_SysCallback_readyFxn__C
xdc_runtime_Text_unnamedModsLastId__C
ti_sysbios_knl_Task_defaultStackSize__C
xdc_runtime_IGateProvider_Interface__BASE__C
ti_sysbios_family_arm_m3_Hwi_E_hwiLimitExceeded__C
xdc_runtime_Startup_startModsFxn__C
ti_sysbios_knl_Semaphore_Instance_State_pendQ__O
xdc_runtime_System_extendFxn__C
ti_sysbios_family_arm_m3_Hwi_Object__DESC__C
xdc_runtime_Text_nameEmpty__C
ti_sysbios_family_arm_m3_Hwi_Object__count__C
xdc_runtime_Text_visitRopeFxn__C
xdc_runtime_SysCallback_abortFxn__C
ti_sysbios_knl_Task_defaultStackHeap__C
ti_sysbios_family_arm_m3_Hwi_E_usageFault__C
ti_sysbios_family_arm_m3_Hwi_ccr__C
ti_sysbios_heaps_HeapTrack_Module__id__C
ti_sysbios_heaps_HeapMem_E_memory__C
ti_sysbios_family_arm_m3_Hwi_E_memFault__C
ti_sysbios_knl_Task_Object__count__C
ti_sysbios_heaps_HeapMem_Object__DESC__C
xdc_runtime_Text_nameUnknown__C
xdc_runtime_Memory_defaultHeapInstance__C
ti_sysbios_knl_Mailbox_Instance_State_freeQue__O
xdc_runtime_Startup_sfxnTab__C
ti_sysbios_knl_Clock_Module__state__V
ti_sysbios_family_arm_cc26xx_TimestampProvider_Module__state__V
xdc_runtime_Startup_Module__state__V
xdc_runtime_Registry_Module__state__V
ti_sysbios_BIOS_Module__state__V
ti_sysbios_knl_Swi_Module__state__V
ti_sysbios_knl_Task_Module__state__V
xdc_runtime_Memory_Module__state__V
xdc_runtime_System_Module__state__V
ti_sysbios_family_arm_m3_Hwi_Module__state__V
ti_sysbios_family_arm_cc26xx_Timer_Module__state__V
