20000100 00000004 xdcRomConstPtr
20000104 00000004 xdcRomExternFuncPtr
20000108 00000004 xdcRomStatePtr
